{"synchronized":true,
 "ops":[
   {"op":"setpin", "pin":"relay8", "high":true},
   {"op":"wait", "duration":1000},
   {"op":"setpin", "pin":"relay8", "high":false}
 ]
}
